conda.exe : 2026-02-2
4 22:46:55,879 - INFO
 - Starting Evaluatio
n on device: cpu
所在位置 D:\anaconda3\she
ll\condabin\Conda.psm
1:153 字符: 17
+ ...             & $
Env:CONDA_EXE $Env:_C
E_M $Env:_CE_CONDA $C
ommand @Othe ...
+                 ~~~
~~~~~~~~~~~~~~~~~~~~~
~~~~~~~~~~~~~~~~~~~~~
~~~~~~~~~~~~
    + CategoryInfo   
           : NotSpe  
  cified: (2026-02   
 -24 22:4... on d    
evice: cpu:Strin    g
) [], RemoteExc    ep
tion
    + FullyQualified 
   ErrorId : Native  
  CommandError
 
2026-02-24 22:46:55,9
11 - INFO - === Runni
ng evaluation for SEE
D: 42 ===
2026-02-24 22:46:55,9
13 - INFO - Evaluatin
g CausalForest (Class
ic)...
2026-02-24 22:46:55,9
15 - INFO - Training 
Causal Forest (Debug)
...
2026-02-24 22:46:58,1
42 - INFO - Sampling 
and Evaluating metric
s...
D:\anaconda3\envs\cau
sal_tabdiff\lib\site-
packages\numpy\lib\_f
unction_base_impl.py:
3045: RuntimeWarning:
 invalid value encoun
tered in divide
  c /= stddev[:, None
]
D:\anaconda3\envs\cau
sal_tabdiff\lib\site-
packages\numpy\lib\_f
unction_base_impl.py:
3046: RuntimeWarning:
 invalid value encoun
tered in divide
  c /= stddev[None, :
]
D:\anaconda3\envs\cau
sal_tabdiff\lib\site-
packages\econml\sklea
rn_extensions\linear_
model.py:1815: UserWa
rning: Co-variance ma
trix is underdetermin
ed. Inference will be
 invalid!
  warnings.warn("Co-v
ariance matrix is und
erdetermined. Inferen
ce will be invalid!")
2026-02-24 22:46:59,3
55 - WARNING - fake_y
 or real_y lacks both
 classes. Using basel
ine AUC=0.5, F1=0.0
2026-02-24 22:46:59,3
55 - INFO - Evaluatin
g STaSy (ICLR 23)...
2026-02-24 22:46:59,3
55 - INFO - Training 
STaSy (Debug)...
2026-02-24 22:47:02,4
70 - INFO - Sampling 
and Evaluating metric
s...
D:\anaconda3\envs\cau
sal_tabdiff\lib\site-
packages\numpy\lib\_f
unction_base_impl.py:
3045: RuntimeWarning:
 invalid value encoun
tered in divide
  c /= stddev[:, None
]
D:\anaconda3\envs\cau
sal_tabdiff\lib\site-
packages\numpy\lib\_f
unction_base_impl.py:
3046: RuntimeWarning:
 invalid value encoun
tered in divide
  c /= stddev[None, :
]
D:\anaconda3\envs\cau
sal_tabdiff\lib\site-
packages\econml\sklea
rn_extensions\linear_
model.py:1815: UserWa
rning: Co-variance ma
trix is underdetermin
ed. Inference will be
 invalid!
  warnings.warn("Co-v
ariance matrix is und
erdetermined. Inferen
ce will be invalid!")
D:\anaconda3\envs\cau
sal_tabdiff\lib\site-
packages\xgboost\trai
ning.py:200: UserWarn
ing: [22:47:03] WARNI
NG: C:\actions-runner
\_work\xgboost\xgboos
t\src\learner.cc:782:
 
Parameters: { "use_la
bel_encoder" } are no
t used.

  bst.update(dtrain, 
iteration=i, fobj=obj
)
2026-02-24 22:47:03,8
32 - INFO - Evaluatin
g TabSyn (ICLR 24)...
2026-02-24 22:47:03,8
34 - INFO - Training 
TabSyn (VAE + Diffusi
on) (Debug)...
2026-02-24 22:47:06,7
28 - INFO - Sampling 
and Evaluating metric
s...
D:\anaconda3\envs\cau
sal_tabdiff\lib\site-
packages\xgboost\trai
ning.py:200: UserWarn
ing: [22:47:07] WARNI
NG: C:\actions-runner
\_work\xgboost\xgboos
t\src\learner.cc:782:
 
Parameters: { "use_la
bel_encoder" } are no
t used.

  bst.update(dtrain, 
iteration=i, fobj=obj
)
2026-02-24 22:47:07,5
86 - INFO - Evaluatin
g TabDiff (ICLR 25)..
.
2026-02-24 22:47:07,5
86 - INFO - Training 
TabDiff (ICLR 2025) (
Debug)...
2026-02-24 22:47:08,1
02 - INFO - Sampling 
and Evaluating metric
s...

  0%|          | 0/10
 [00:00<?, ?it/s]
Sampling Progress:   
0%|          | 0/10 [
00:00<?, ?it/s]
Sampling Progress:  6
0%|鈻堚枅鈻堚枅鈻堚枅    | 6/1
0 [00:00<00:00, 53.99
it/s]
Sampling Progress: 10
0%|鈻堚枅鈻堚枅鈻堚枅鈻堚枅鈻堚枅| 1
0/10 [00:00<00:00, 62
.03it/s]

  0%|          | 0/10
 [00:00<?, ?it/s]
Sampling Progress:   
0%|          | 0/10 [
00:00<?, ?it/s]
Sampling Progress:  7
0%|鈻堚枅鈻堚枅鈻堚枅鈻\ufffd  
 | 7/10 [00:00<00:00,
 63.18it/s]
Sampling Progress: 10
0%|鈻堚枅鈻堚枅鈻堚枅鈻堚枅鈻堚枅| 1
0/10 [00:00<00:00, 66
.09it/s]
D:\anaconda3\envs\cau
sal_tabdiff\lib\site-
packages\xgboost\trai
ning.py:200: UserWarn
ing: [22:47:08] WARNI
NG: C:\actions-runner
\_work\xgboost\xgboos
t\src\learner.cc:782:
 
Parameters: { "use_la
bel_encoder" } are no
t used.

  bst.update(dtrain, 
iteration=i, fobj=obj
)
2026-02-24 22:47:08,4
96 - INFO - Evaluatin
g TSDiff (ICLR 23)...
2026-02-24 22:47:08,5
04 - INFO - Training 
TSDiff (ICLR 2023) (D
ebug)...
2026-02-24 22:47:08,5
67 - INFO - Sampling 
and Evaluating metric
s...
D:\anaconda3\envs\cau
sal_tabdiff\lib\site-
packages\sklearn\mode
l_selection\_split.py
:805: UserWarning: Th
e least populated cla
ss in y has only 1 me
mbers, which is less 
than n_splits=2.
  warnings.warn(
2026-02-24 22:47:08,6
80 - ERROR - EconML A
TE Error: Provided cr
ossfit folds contain 
training splits that 
don't contain all tre
atments
D:\anaconda3\envs\cau
sal_tabdiff\lib\site-
packages\xgboost\trai
ning.py:200: UserWarn
ing: [22:47:08] WARNI
NG: C:\actions-runner
\_work\xgboost\xgboos
t\src\learner.cc:782:
 
Parameters: { "use_la
bel_encoder" } are no
t used.

  bst.update(dtrain, 
iteration=i, fobj=obj
)
2026-02-24 22:47:08,7
14 - INFO - === Runni
ng evaluation for SEE
D: 1024 ===
2026-02-24 22:47:08,7
18 - INFO - Evaluatin
g CausalForest (Class
ic)...
2026-02-24 22:47:08,7
19 - INFO - Training 
Causal Forest (Debug)
...
2026-02-24 22:47:10,7
80 - INFO - Sampling 
and Evaluating metric
s...
D:\anaconda3\envs\cau
sal_tabdiff\lib\site-
packages\numpy\lib\_f
unction_base_impl.py:
3045: RuntimeWarning:
 invalid value encoun
tered in divide
  c /= stddev[:, None
]
D:\anaconda3\envs\cau
sal_tabdiff\lib\site-
packages\numpy\lib\_f
unction_base_impl.py:
3046: RuntimeWarning:
 invalid value encoun
tered in divide
  c /= stddev[None, :
]
D:\anaconda3\envs\cau
sal_tabdiff\lib\site-
packages\econml\sklea
rn_extensions\linear_
model.py:1815: UserWa
rning: Co-variance ma
trix is underdetermin
ed. Inference will be
 invalid!
  warnings.warn("Co-v
ariance matrix is und
erdetermined. Inferen
ce will be invalid!")
2026-02-24 22:47:12,0
09 - WARNING - fake_y
 or real_y lacks both
 classes. Using basel
ine AUC=0.5, F1=0.0
2026-02-24 22:47:12,0
09 - INFO - Evaluatin
g STaSy (ICLR 23)...
2026-02-24 22:47:12,0
09 - INFO - Training 
STaSy (Debug)...
2026-02-24 22:47:12,3
19 - INFO - Sampling 
and Evaluating metric
s...
D:\anaconda3\envs\cau
sal_tabdiff\lib\site-
packages\numpy\lib\_f
unction_base_impl.py:
3045: RuntimeWarning:
 invalid value encoun
tered in divide
  c /= stddev[:, None
]
D:\anaconda3\envs\cau
sal_tabdiff\lib\site-
packages\numpy\lib\_f
unction_base_impl.py:
3046: RuntimeWarning:
 invalid value encoun
tered in divide
  c /= stddev[None, :
]
2026-02-24 22:47:13,5
52 - ERROR - EconML A
TE Error: This solver
 needs samples of at 
least 2 classes in th
e data, but the data 
contains only one cla
ss: np.int64(0)
D:\anaconda3\envs\cau
sal_tabdiff\lib\site-
packages\xgboost\trai
ning.py:200: UserWarn
ing: [22:47:13] WARNI
NG: C:\actions-runner
\_work\xgboost\xgboos
t\src\learner.cc:782:
 
Parameters: { "use_la
bel_encoder" } are no
t used.

  bst.update(dtrain, 
iteration=i, fobj=obj
)
2026-02-24 22:47:13,5
87 - INFO - Evaluatin
g TabSyn (ICLR 24)...
2026-02-24 22:47:13,5
91 - INFO - Training 
TabSyn (VAE + Diffusi
on) (Debug)...
2026-02-24 22:47:16,2
95 - INFO - Sampling 
and Evaluating metric
s...
D:\anaconda3\envs\cau
sal_tabdiff\lib\site-
packages\numpy\lib\_f
unction_base_impl.py:
3045: RuntimeWarning:
 invalid value encoun
tered in divide
  c /= stddev[:, None
]
D:\anaconda3\envs\cau
sal_tabdiff\lib\site-
packages\numpy\lib\_f
unction_base_impl.py:
3046: RuntimeWarning:
 invalid value encoun
tered in divide
  c /= stddev[None, :
]
D:\anaconda3\envs\cau
sal_tabdiff\lib\site-
packages\econml\sklea
rn_extensions\linear_
model.py:1815: UserWa
rning: Co-variance ma
trix is underdetermin
ed. Inference will be
 invalid!
  warnings.warn("Co-v
ariance matrix is und
erdetermined. Inferen
ce will be invalid!")
D:\anaconda3\envs\cau
sal_tabdiff\lib\site-
packages\xgboost\trai
ning.py:200: UserWarn
ing: [22:47:17] WARNI
NG: C:\actions-runner
\_work\xgboost\xgboos
t\src\learner.cc:782:
 
Parameters: { "use_la
bel_encoder" } are no
t used.

  bst.update(dtrain, 
iteration=i, fobj=obj
)
2026-02-24 22:47:17,0
62 - INFO - Evaluatin
g TabDiff (ICLR 25)..
.
2026-02-24 22:47:17,0
74 - INFO - Training 
TabDiff (ICLR 2025) (
Debug)...
2026-02-24 22:47:17,5
63 - INFO - Sampling 
and Evaluating metric
s...

  0%|          | 0/10
 [00:00<?, ?it/s]
Sampling Progress:   
0%|          | 0/10 [
00:00<?, ?it/s]
Sampling Progress:  6
0%|鈻堚枅鈻堚枅鈻堚枅    | 6/1
0 [00:00<00:00, 56.01
it/s]
Sampling Progress: 10
0%|鈻堚枅鈻堚枅鈻堚枅鈻堚枅鈻堚枅| 1
0/10 [00:00<00:00, 61
.67it/s]

  0%|          | 0/10
 [00:00<?, ?it/s]
Sampling Progress:   
0%|          | 0/10 [
00:00<?, ?it/s]
Sampling Progress:  7
0%|鈻堚枅鈻堚枅鈻堚枅鈻\ufffd  
 | 7/10 [00:00<00:00,
 65.49it/s]
Sampling Progress: 10
0%|鈻堚枅鈻堚枅鈻堚枅鈻堚枅鈻堚枅| 1
0/10 [00:00<00:00, 67
.11it/s]
D:\anaconda3\envs\cau
sal_tabdiff\lib\site-
packages\xgboost\trai
ning.py:200: UserWarn
ing: [22:47:17] WARNI
NG: C:\actions-runner
\_work\xgboost\xgboos
t\src\learner.cc:782:
 
Parameters: { "use_la
bel_encoder" } are no
t used.

  bst.update(dtrain, 
iteration=i, fobj=obj
)
2026-02-24 22:47:17,9
48 - INFO - Evaluatin
g TSDiff (ICLR 23)...
2026-02-24 22:47:17,9
52 - INFO - Training 
TSDiff (ICLR 2023) (D
ebug)...
2026-02-24 22:47:18,0
01 - INFO - Sampling 
and Evaluating metric
s...
D:\anaconda3\envs\cau
sal_tabdiff\lib\site-
packages\xgboost\trai
ning.py:200: UserWarn
ing: [22:47:18] WARNI
NG: C:\actions-runner
\_work\xgboost\xgboos
t\src\learner.cc:782:
 
Parameters: { "use_la
bel_encoder" } are no
t used.

  bst.update(dtrain, 
iteration=i, fobj=obj
)
2026-02-24 22:47:18,1
63 - INFO - === Aggre
gating Results ===
2026-02-24 22:47:18,1
67 - INFO - 
| Model              
    | ATE_Bias       
 | Wasserstein     | 
CMD             | TST
R_AUC        | TSTR_F
1         |
|--------------------
----|----------------
-|-----------------|-
----------------|----
-------------|-------
----------|
| CausalForest (Class
ic) | 0.4932 卤 0.1727
 | 0.5269 卤 0.0888 | 
0.5576 卤 0.2286 | 0.5
000 卤 0.0000 | 0.0000
 卤 0.0000 |
| STaSy (ICLR 23)    
    | 1.1704 卤 0.8296
 | 1.5212 卤 0.0482 | 
0.5077 卤 0.0269 | 0.5
000 卤 0.0000 | 0.0000
 卤 0.0000 |
| TabSyn (ICLR 24)   
    | 0.6706 卤 0.1793
 | 0.4783 卤 0.1118 | 
0.2242 卤 0.0045 | 0.5
000 卤 0.0000 | 0.0000
 卤 0.0000 |
| TabDiff (ICLR 25)  
    | 0.5045 卤 0.0854
 | 0.5771 卤 0.0433 | 
0.2678 卤 0.0824 | 0.5
000 卤 0.0000 | 0.0000
 卤 0.0000 |
| TSDiff (ICLR 23)   
    | 1.2960 卤 0.7040
 | 0.3615 卤 0.0747 | 
0.2898 卤 0.1387 | 0.5
000 卤 0.0000 | 0.0000
 卤 0.0000 |
2026-02-24 22:47:18,1
69 - INFO - Reports s
aved to markdown_repo
rt.md and latex_repor
t.txt

Error loading datasets: "['cancyr'] not in index". Generating mock data for debug.
DEBUG SHAPE - real_x: (8, 5), fake_x: (8, 5)
DEBUG SHAPE - real_x: (8, 5), fake_x: (8, 5)
self.category_embeddings.weight.shape=torch.Size([26, 4])
DEBUG SHAPE - real_x: (8, 5), fake_x: (8, 5)
DEBUG SHAPE - real_x: (8, 5), fake_x: (8, 5)
DEBUG SHAPE - real_x: (8, 5), fake_x: (8, 5)
DEBUG SHAPE - real_x: (8, 5), fake_x: (8, 5)
DEBUG SHAPE - real_x: (8, 5), fake_x: (8, 5)
self.category_embeddings.weight.shape=torch.Size([26, 4])
DEBUG SHAPE - real_x: (8, 5), fake_x: (8, 5)
DEBUG SHAPE - real_x: (8, 5), fake_x: (8, 5)
DEBUG SHAPE - real_x: (8, 5), fake_x: (8, 5)

